[    1726ms] [INFO] %cDownload the React DevTools for a better development experience: https://react.dev/link/react-devtools font-weight:bold @ http://localhost:3000/_next/static/chunks/node_modules_next_dist_115brz8._.js:2431
[    1788ms] [LOG] [HMR] connected @ http://localhost:3000/_next/static/chunks/node_modules_next_dist_115brz8._.js:2431
[  246277ms] [LOG] [Fast Refresh] rebuilding @ http://localhost:3000/_next/static/chunks/node_modules_next_dist_115brz8._.js:2431
[  246297ms] [ERROR] ./lib/supabase/server.ts:6:23
the name `createClient` is defined multiple times
  4 | import type { Database } from '@/types/supabase'
  5 |
> 6 | export async function createClient() {
    |                       ^^^^^^^^^^^^
  7 |   const cookieStore = await cookies()
  8 |
  9 |   return createServerClient<Database>(

Ecmascript file had an error

Import trace:
  Server Component:
    ./lib/supabase/server.ts
    ./lib/actions/auth.ts @ http://localhost:3000/_next/static/chunks/node_modules_next_dist_115brz8._.js:3272
[  246394ms] [ERROR] ./lib/supabase/server.ts:6:23
the name `createClient` is defined multiple times
  4 | import type { Database } from '@/types/supabase'
  5 |
> 6 | export async function createClient() {
    |                       ^^^^^^^^^^^^
  7 |   const cookieStore = await cookies()
  8 |
  9 |   return createServerClient<Database>(

Ecmascript file had an error

Import trace:
  Server Component:
    ./lib/supabase/server.ts
    ./lib/actions/auth.ts @ http://localhost:3000/_next/static/chunks/node_modules_next_dist_115brz8._.js:3272
[  246459ms] [LOG] [Fast Refresh] rebuilding @ http://localhost:3000/_next/static/chunks/node_modules_next_dist_115brz8._.js:2431
[  255644ms] [LOG] [Fast Refresh] rebuilding @ http://localhost:3000/_next/static/chunks/node_modules_next_dist_115brz8._.js:2431
[  255750ms] [ERROR] ./lib/supabase/server.ts:6:23
the name `createClient` is defined multiple times
  4 | import type { Database } from '@/types/supabase'
  5 |
> 6 | export async function createClient() {
    |                       ^^^^^^^^^^^^
  7 |   const cookieStore = await cookies()
  8 |
  9 |   return createServerClient<Database>(

Ecmascript file had an error

Import trace:
  Server Component:
    ./lib/supabase/server.ts
    ./lib/actions/auth.ts @ http://localhost:3000/_next/static/chunks/node_modules_next_dist_115brz8._.js:3272
[  256240ms] [LOG] [Fast Refresh] rebuilding @ http://localhost:3000/_next/static/chunks/node_modules_next_dist_115brz8._.js:2431
[  256413ms] [ERROR] Failed to load resource: the server responded with a status of 500 (Internal Server Error) @ http://localhost:3000/dashboard?_rsc=hhgnj:0
[  256416ms] [ERROR] ./lib/supabase/server.ts:6:23
the name `createClient` is defined multiple times
  4 | import type { Database } from '@/types/supabase'
  5 |
> 6 | export async function createClient() {
    |                       ^^^^^^^^^^^^
  7 |   const cookieStore = await cookies()
  8 |
  9 |   return createServerClient<Database>(

Ecmascript file had an error

Import trace:
  Server Component:
    ./lib/supabase/server.ts
    ./lib/actions/auth.ts @ http://localhost:3000/_next/static/chunks/node_modules_next_dist_115brz8._.js:3272
[  256472ms] [ERROR] ./lib/supabase/server.ts:6:23
the name `createClient` is defined multiple times
  4 | import type { Database } from '@/types/supabase'
  5 |
> 6 | export async function createClient() {
    |                       ^^^^^^^^^^^^
  7 |   const cookieStore = await cookies()
  8 |
  9 |   return createServerClient<Database>(

Ecmascript file had an error

Import trace:
  Server Component:
    ./lib/supabase/server.ts
    ./lib/actions/auth.ts @ http://localhost:3000/_next/static/chunks/node_modules_next_dist_115brz8._.js:3272
[  256546ms] [ERROR] Failed to load resource: the server responded with a status of 500 (Internal Server Error) @ http://localhost:3000/dashboard?_rsc=hhgnj:0
[  256591ms] [ERROR] Failed to load resource: the server responded with a status of 500 (Internal Server Error) @ http://localhost:3000/dashboard:0
[  256922ms] [INFO] %cDownload the React DevTools for a better development experience: https://react.dev/link/react-devtools font-weight:bold @ http://localhost:3000/_next/static/chunks/node_modules_react-dom_0bruynb._.js:15305
[  256999ms] Error: ./lib/supabase/server.ts:6:23
the name `createClient` is defined multiple times
  4 | import type { Database } from '@/types/supabase'
  5 |
> 6 | export async function createClient() {
    |                       ^^^^^^^^^^^^
  7 |   const cookieStore = await cookies()
  8 |
  9 |   return createServerClient<Database>(

Ecmascript file had an error

Import trace:
  Server Component:
    ./lib/supabase/server.ts
    ./lib/actions/auth.ts


    at <unknown> (Error: ./lib/supabase/server.ts:6:23)
    at Object.getCompilationErrors (file://C:\Users\ericp\projects\wishlist-app\node_modules\next\dist\server\dev\hot-reloader-turbopack.js:1186:59)
    at DevBundlerService.getCompilationError (file://C:\Users\ericp\projects\wishlist-app\node_modules\next\dist\server\lib\dev-bundler-service.js:44:55)
    at DevServer.getCompilationError (file://C:\Users\ericp\projects\wishlist-app\node_modules\next\dist\server\dev\next-dev-server.js:719:42)
    at DevServer.findPageComponents (file://C:\Users\ericp\projects\wishlist-app\node_modules\next\dist\server\dev\next-dev-server.js:689:43)
    at async DevServer.renderErrorToResponseImpl (file://C:\Users\ericp\projects\wishlist-app\node_modules\next\dist\server\base-server.js:1745:26)
[  257000ms] [LOG] [HMR] connected @ http://localhost:3000/_next/static/chunks/node_modules_next_dist_0u_w_5s._.js:1226
[  257004ms] [ERROR] ./lib/supabase/server.ts:6:23
the name `createClient` is defined multiple times
  4 | import type { Database } from '@/types/supabase'
  5 |
> 6 | export async function createClient() {
    |                       ^^^^^^^^^^^^
  7 |   const cookieStore = await cookies()
  8 |
  9 |   return createServerClient<Database>(

Ecmascript file had an error

Import trace:
  Server Component:
    ./lib/supabase/server.ts
    ./lib/actions/auth.ts @ http://localhost:3000/_next/static/chunks/node_modules_next_dist_0u_w_5s._.js:1945
[  257004ms] [ERROR] ./lib/supabase/server.ts:6:23
the name `createClient` is defined multiple times
  4 | import type { Database } from '@/types/supabase'
  5 |
> 6 | export async function createClient() {
    |                       ^^^^^^^^^^^^
  7 |   const cookieStore = await cookies()
  8 |
  9 |   return createServerClient<Database>(

Ecmascript file had an error

Import traces:
  #1 [Server Component]:
    ./lib/supabase/server.ts
    ./app/invite/[token]/page.tsx

  #2 [Server Component]:
    ./lib/supabase/server.ts
    ./lib/actions/invites.ts @ http://localhost:3000/_next/static/chunks/node_modules_next_dist_0u_w_5s._.js:1945
[  257004ms] [ERROR] ./lib/supabase/server.ts:6:23
the name `createClient` is defined multiple times
  4 | import type { Database } from '@/types/supabase'
  5 |
> 6 | export async function createClient() {
    |                       ^^^^^^^^^^^^
  7 |   const cookieStore = await cookies()
  8 |
  9 |   return createServerClient<Database>(

Ecmascript file had an error

Import traces:
  #1 [Server Component]:
    ./lib/supabase/server.ts
    ./app/dashboard/page.tsx

  #2 [Server Component]:
    ./lib/supabase/server.ts
    ./lib/actions/lists.ts @ http://localhost:3000/_next/static/chunks/node_modules_next_dist_0u_w_5s._.js:1945
[  257004ms] [ERROR] ./lib/supabase/server.ts:6:23
the name `createClient` is defined multiple times
  4 | import type { Database } from '@/types/supabase'
  5 |
> 6 | export async function createClient() {
    |                       ^^^^^^^^^^^^
  7 |   const cookieStore = await cookies()
  8 |
  9 |   return createServerClient<Database>(

Ecmascript file had an error

Import trace:
  Server Component:
    ./lib/supabase/server.ts
    ./app/list/[id]/invites/page.tsx @ http://localhost:3000/_next/static/chunks/node_modules_next_dist_0u_w_5s._.js:1945
[  257004ms] [ERROR] ./lib/supabase/server.ts:6:23
the name `createClient` is defined multiple times
  4 | import type { Database } from '@/types/supabase'
  5 |
> 6 | export async function createClient() {
    |                       ^^^^^^^^^^^^
  7 |   const cookieStore = await cookies()
  8 |
  9 |   return createServerClient<Database>(

Ecmascript file had an error

Import trace:
  Server Component:
    ./lib/supabase/server.ts
    ./lib/actions/auth.ts @ http://localhost:3000/_next/static/chunks/node_modules_next_dist_0u_w_5s._.js:1945
[  257089ms] [ERROR] ./lib/supabase/server.ts:6:23
the name `createClient` is defined multiple times
  4 | import type { Database } from '@/types/supabase'
  5 |
> 6 | export async function createClient() {
    |                       ^^^^^^^^^^^^
  7 |   const cookieStore = await cookies()
  8 |
  9 |   return createServerClient<Database>(

Ecmascript file had an error

Import trace:
  Server Component:
    ./lib/supabase/server.ts
    ./lib/actions/auth.ts @ http://localhost:3000/_next/static/chunks/node_modules_next_dist_0u_w_5s._.js:1945
[  257106ms] [LOG] [Fast Refresh] rebuilding @ http://localhost:3000/_next/static/chunks/node_modules_next_dist_0u_w_5s._.js:1226
[  263324ms] [LOG] [Fast Refresh] rebuilding @ http://localhost:3000/_next/static/chunks/node_modules_next_dist_0u_w_5s._.js:1226
[  263443ms] [ERROR] ./lib/supabase/server.ts:6:23
the name `createClient` is defined multiple times
  4 | import type { Database } from '@/types/supabase'
  5 |
> 6 | export async function createClient() {
    |                       ^^^^^^^^^^^^
  7 |   const cookieStore = await cookies()
  8 |
  9 |   return createServerClient<Database>(

Ecmascript file had an error

Import trace:
  Server Component:
    ./lib/supabase/server.ts
    ./lib/actions/auth.ts @ http://localhost:3000/_next/static/chunks/node_modules_next_dist_0u_w_5s._.js:1945
[  263619ms] [ERROR] Failed to load resource: the server responded with a status of 500 (Internal Server Error) @ http://localhost:3000/dashboard:0
[  263726ms] [INFO] %cDownload the React DevTools for a better development experience: https://react.dev/link/react-devtools font-weight:bold @ http://localhost:3000/_next/static/chunks/node_modules_react-dom_0bruynb._.js:15305
[  263751ms] Error: ./lib/supabase/server.ts:6:23
the name `createClient` is defined multiple times
  4 | import type { Database } from '@/types/supabase'
  5 |
> 6 | export async function createClient() {
    |                       ^^^^^^^^^^^^
  7 |   const cookieStore = await cookies()
  8 |
  9 |   return createServerClient<Database>(

Ecmascript file had an error

Import trace:
  Server Component:
    ./lib/supabase/server.ts
    ./lib/actions/auth.ts


    at <unknown> (Error: ./lib/supabase/server.ts:6:23)
    at Object.getCompilationErrors (file://C:\Users\ericp\projects\wishlist-app\node_modules\next\dist\server\dev\hot-reloader-turbopack.js:1186:59)
    at DevBundlerService.getCompilationError (file://C:\Users\ericp\projects\wishlist-app\node_modules\next\dist\server\lib\dev-bundler-service.js:44:55)
    at DevServer.getCompilationError (file://C:\Users\ericp\projects\wishlist-app\node_modules\next\dist\server\dev\next-dev-server.js:719:42)
    at DevServer.findPageComponents (file://C:\Users\ericp\projects\wishlist-app\node_modules\next\dist\server\dev\next-dev-server.js:689:43)
    at async DevServer.renderErrorToResponseImpl (file://C:\Users\ericp\projects\wishlist-app\node_modules\next\dist\server\base-server.js:1745:26)
[  263776ms] [LOG] [HMR] connected @ http://localhost:3000/_next/static/chunks/node_modules_next_dist_0u_w_5s._.js:1226
[  263783ms] [ERROR] ./lib/supabase/server.ts:6:23
the name `createClient` is defined multiple times
  4 | import type { Database } from '@/types/supabase'
  5 |
> 6 | export async function createClient() {
    |                       ^^^^^^^^^^^^
  7 |   const cookieStore = await cookies()
  8 |
  9 |   return createServerClient<Database>(

Ecmascript file had an error

Import trace:
  Server Component:
    ./lib/supabase/server.ts
    ./lib/actions/auth.ts @ http://localhost:3000/_next/static/chunks/node_modules_next_dist_0u_w_5s._.js:1945
[  263783ms] [ERROR] ./lib/supabase/server.ts:6:23
the name `createClient` is defined multiple times
  4 | import type { Database } from '@/types/supabase'
  5 |
> 6 | export async function createClient() {
    |                       ^^^^^^^^^^^^
  7 |   const cookieStore = await cookies()
  8 |
  9 |   return createServerClient<Database>(

Ecmascript file had an error

Import traces:
  #1 [Server Component]:
    ./lib/supabase/server.ts
    ./app/invite/[token]/page.tsx

  #2 [Server Component]:
    ./lib/supabase/server.ts
    ./lib/actions/invites.ts @ http://localhost:3000/_next/static/chunks/node_modules_next_dist_0u_w_5s._.js:1945
[  263784ms] [ERROR] ./lib/supabase/server.ts:6:23
the name `createClient` is defined multiple times
  4 | import type { Database } from '@/types/supabase'
  5 |
> 6 | export async function createClient() {
    |                       ^^^^^^^^^^^^
  7 |   const cookieStore = await cookies()
  8 |
  9 |   return createServerClient<Database>(

Ecmascript file had an error

Import traces:
  #1 [Server Component]:
    ./lib/supabase/server.ts
    ./app/dashboard/page.tsx

  #2 [Server Component]:
    ./lib/supabase/server.ts
    ./lib/actions/lists.ts @ http://localhost:3000/_next/static/chunks/node_modules_next_dist_0u_w_5s._.js:1945
[  263784ms] [ERROR] ./lib/supabase/server.ts:6:23
the name `createClient` is defined multiple times
  4 | import type { Database } from '@/types/supabase'
  5 |
> 6 | export async function createClient() {
    |                       ^^^^^^^^^^^^
  7 |   const cookieStore = await cookies()
  8 |
  9 |   return createServerClient<Database>(

Ecmascript file had an error

Import trace:
  Server Component:
    ./lib/supabase/server.ts
    ./app/list/[id]/invites/page.tsx @ http://localhost:3000/_next/static/chunks/node_modules_next_dist_0u_w_5s._.js:1945
[  263784ms] [ERROR] ./lib/supabase/server.ts:6:23
the name `createClient` is defined multiple times
  4 | import type { Database } from '@/types/supabase'
  5 |
> 6 | export async function createClient() {
    |                       ^^^^^^^^^^^^
  7 |   const cookieStore = await cookies()
  8 |
  9 |   return createServerClient<Database>(

Ecmascript file had an error

Import trace:
  Server Component:
    ./lib/supabase/server.ts
    ./lib/actions/auth.ts @ http://localhost:3000/_next/static/chunks/node_modules_next_dist_0u_w_5s._.js:1945
[  263831ms] [ERROR] ./lib/supabase/server.ts:6:23
the name `createClient` is defined multiple times
  4 | import type { Database } from '@/types/supabase'
  5 |
> 6 | export async function createClient() {
    |                       ^^^^^^^^^^^^
  7 |   const cookieStore = await cookies()
  8 |
  9 |   return createServerClient<Database>(

Ecmascript file had an error

Import trace:
  Server Component:
    ./lib/supabase/server.ts
    ./lib/actions/auth.ts @ http://localhost:3000/_next/static/chunks/node_modules_next_dist_0u_w_5s._.js:1945
[  267988ms] [LOG] [Fast Refresh] rebuilding @ http://localhost:3000/_next/static/chunks/node_modules_next_dist_0u_w_5s._.js:1226
[  268129ms] [ERROR] ./lib/supabase/server.ts:6:23
the name `createClient` is defined multiple times
  4 | import type { Database } from '@/types/supabase'
  5 |
> 6 | export async function createClient() {
    |                       ^^^^^^^^^^^^
  7 |   const cookieStore = await cookies()
  8 |
  9 |   return createServerClient<Database>(

Ecmascript file had an error

Import trace:
  Server Component:
    ./lib/supabase/server.ts
    ./lib/actions/auth.ts @ http://localhost:3000/_next/static/chunks/node_modules_next_dist_0u_w_5s._.js:1945
[  268553ms] [ERROR] Failed to load resource: the server responded with a status of 500 (Internal Server Error) @ http://localhost:3000/dashboard:0
[  268675ms] [INFO] %cDownload the React DevTools for a better development experience: https://react.dev/link/react-devtools font-weight:bold @ http://localhost:3000/_next/static/chunks/node_modules_react-dom_0bruynb._.js:15305
[  268701ms] Error: ./lib/supabase/server.ts:6:23
the name `createClient` is defined multiple times
  4 | import type { Database } from '@/types/supabase'
  5 |
> 6 | export async function createClient() {
    |                       ^^^^^^^^^^^^
  7 |   const cookieStore = await cookies()
  8 |
  9 |   return createServerClient<Database>(

Ecmascript file had an error

Import trace:
  Server Component:
    ./lib/supabase/server.ts
    ./lib/actions/auth.ts


    at <unknown> (Error: ./lib/supabase/server.ts:6:23)
    at Object.getCompilationErrors (file://C:\Users\ericp\projects\wishlist-app\node_modules\next\dist\server\dev\hot-reloader-turbopack.js:1186:59)
    at DevBundlerService.getCompilationError (file://C:\Users\ericp\projects\wishlist-app\node_modules\next\dist\server\lib\dev-bundler-service.js:44:55)
    at DevServer.getCompilationError (file://C:\Users\ericp\projects\wishlist-app\node_modules\next\dist\server\dev\next-dev-server.js:719:42)
    at DevServer.findPageComponents (file://C:\Users\ericp\projects\wishlist-app\node_modules\next\dist\server\dev\next-dev-server.js:689:43)
    at async DevServer.renderErrorToResponseImpl (file://C:\Users\ericp\projects\wishlist-app\node_modules\next\dist\server\base-server.js:1745:26)
[  268707ms] [LOG] [HMR] connected @ http://localhost:3000/_next/static/chunks/node_modules_next_dist_0u_w_5s._.js:1226
[  268713ms] [ERROR] ./lib/supabase/server.ts:6:23
the name `createClient` is defined multiple times
  4 | import type { Database } from '@/types/supabase'
  5 |
> 6 | export async function createClient() {
    |                       ^^^^^^^^^^^^
  7 |   const cookieStore = await cookies()
  8 |
  9 |   return createServerClient<Database>(

Ecmascript file had an error

Import trace:
  Server Component:
    ./lib/supabase/server.ts
    ./lib/actions/auth.ts @ http://localhost:3000/_next/static/chunks/node_modules_next_dist_0u_w_5s._.js:1945
[  268713ms] [ERROR] ./lib/supabase/server.ts:6:23
the name `createClient` is defined multiple times
  4 | import type { Database } from '@/types/supabase'
  5 |
> 6 | export async function createClient() {
    |                       ^^^^^^^^^^^^
  7 |   const cookieStore = await cookies()
  8 |
  9 |   return createServerClient<Database>(

Ecmascript file had an error

Import traces:
  #1 [Server Component]:
    ./lib/supabase/server.ts
    ./app/invite/[token]/page.tsx

  #2 [Server Component]:
    ./lib/supabase/server.ts
    ./lib/actions/invites.ts @ http://localhost:3000/_next/static/chunks/node_modules_next_dist_0u_w_5s._.js:1945
[  268713ms] [ERROR] ./lib/supabase/server.ts:6:23
the name `createClient` is defined multiple times
  4 | import type { Database } from '@/types/supabase'
  5 |
> 6 | export async function createClient() {
    |                       ^^^^^^^^^^^^
  7 |   const cookieStore = await cookies()
  8 |
  9 |   return createServerClient<Database>(

Ecmascript file had an error

Import traces:
  #1 [Server Component]:
    ./lib/supabase/server.ts
    ./app/dashboard/page.tsx

  #2 [Server Component]:
    ./lib/supabase/server.ts
    ./lib/actions/lists.ts @ http://localhost:3000/_next/static/chunks/node_modules_next_dist_0u_w_5s._.js:1945
[  268713ms] [ERROR] ./lib/supabase/server.ts:6:23
the name `createClient` is defined multiple times
  4 | import type { Database } from '@/types/supabase'
  5 |
> 6 | export async function createClient() {
    |                       ^^^^^^^^^^^^
  7 |   const cookieStore = await cookies()
  8 |
  9 |   return createServerClient<Database>(

Ecmascript file had an error

Import trace:
  Server Component:
    ./lib/supabase/server.ts
    ./app/list/[id]/invites/page.tsx @ http://localhost:3000/_next/static/chunks/node_modules_next_dist_0u_w_5s._.js:1945
[  268713ms] [ERROR] ./lib/supabase/server.ts:6:23
the name `createClient` is defined multiple times
  4 | import type { Database } from '@/types/supabase'
  5 |
> 6 | export async function createClient() {
    |                       ^^^^^^^^^^^^
  7 |   const cookieStore = await cookies()
  8 |
  9 |   return createServerClient<Database>(

Ecmascript file had an error

Import trace:
  Server Component:
    ./lib/supabase/server.ts
    ./lib/actions/auth.ts @ http://localhost:3000/_next/static/chunks/node_modules_next_dist_0u_w_5s._.js:1945
[  268783ms] [ERROR] ./lib/supabase/server.ts:6:23
the name `createClient` is defined multiple times
  4 | import type { Database } from '@/types/supabase'
  5 |
> 6 | export async function createClient() {
    |                       ^^^^^^^^^^^^
  7 |   const cookieStore = await cookies()
  8 |
  9 |   return createServerClient<Database>(

Ecmascript file had an error

Import trace:
  Server Component:
    ./lib/supabase/server.ts
    ./lib/actions/auth.ts @ http://localhost:3000/_next/static/chunks/node_modules_next_dist_0u_w_5s._.js:1945
[  272881ms] [ERROR] ./lib/supabase/server.ts:6:23
the name `createClient` is defined multiple times
  4 | import type { Database } from '@/types/supabase'
  5 |
> 6 | export async function createClient() {
    |                       ^^^^^^^^^^^^
  7 |   const cookieStore = await cookies()
  8 |
  9 |   return createServerClient<Database>(

Ecmascript file had an error

Import trace:
  Server Component:
    ./lib/supabase/server.ts
    ./lib/actions/auth.ts @ http://localhost:3000/_next/static/chunks/node_modules_next_dist_0u_w_5s._.js:1945
[  272947ms] [LOG] [Fast Refresh] rebuilding @ http://localhost:3000/_next/static/chunks/node_modules_next_dist_0u_w_5s._.js:1226
[  286680ms] [ERROR] Failed to load resource: the server responded with a status of 500 (Internal Server Error) @ http://localhost:3000/dashboard:0
[  286708ms] [INFO] %cDownload the React DevTools for a better development experience: https://react.dev/link/react-devtools font-weight:bold @ http://localhost:3000/_next/static/chunks/node_modules_react-dom_0bruynb._.js:15305
[  286715ms] Error: ./lib/supabase/server.ts:6:23
the name `createClient` is defined multiple times
  4 | import type { Database } from '@/types/supabase'
  5 |
> 6 | export async function createClient() {
    |                       ^^^^^^^^^^^^
  7 |   const cookieStore = await cookies()
  8 |
  9 |   return createServerClient<Database>(

Ecmascript file had an error

Import trace:
  Server Component:
    ./lib/supabase/server.ts
    ./lib/actions/auth.ts


    at <unknown> (Error: ./lib/supabase/server.ts:6:23)
    at Object.getCompilationErrors (file://C:\Users\ericp\projects\wishlist-app\node_modules\next\dist\server\dev\hot-reloader-turbopack.js:1186:59)
    at DevBundlerService.getCompilationError (file://C:\Users\ericp\projects\wishlist-app\node_modules\next\dist\server\lib\dev-bundler-service.js:44:55)
    at DevServer.getCompilationError (file://C:\Users\ericp\projects\wishlist-app\node_modules\next\dist\server\dev\next-dev-server.js:719:42)
    at DevServer.findPageComponents (file://C:\Users\ericp\projects\wishlist-app\node_modules\next\dist\server\dev\next-dev-server.js:689:43)
    at async DevServer.renderErrorToResponseImpl (file://C:\Users\ericp\projects\wishlist-app\node_modules\next\dist\server\base-server.js:1745:26)
[  286718ms] [LOG] [HMR] connected @ http://localhost:3000/_next/static/chunks/node_modules_next_dist_0u_w_5s._.js:1226
[  286731ms] [ERROR] ./lib/supabase/server.ts:6:23
the name `createClient` is defined multiple times
  4 | import type { Database } from '@/types/supabase'
  5 |
> 6 | export async function createClient() {
    |                       ^^^^^^^^^^^^
  7 |   const cookieStore = await cookies()
  8 |
  9 |   return createServerClient<Database>(

Ecmascript file had an error

Import trace:
  Server Component:
    ./lib/supabase/server.ts
    ./lib/actions/auth.ts @ http://localhost:3000/_next/static/chunks/node_modules_next_dist_0u_w_5s._.js:1945
[  286731ms] [ERROR] ./lib/supabase/server.ts:6:23
the name `createClient` is defined multiple times
  4 | import type { Database } from '@/types/supabase'
  5 |
> 6 | export async function createClient() {
    |                       ^^^^^^^^^^^^
  7 |   const cookieStore = await cookies()
  8 |
  9 |   return createServerClient<Database>(

Ecmascript file had an error

Import traces:
  #1 [Server Component]:
    ./lib/supabase/server.ts
    ./app/invite/[token]/page.tsx

  #2 [Server Component]:
    ./lib/supabase/server.ts
    ./lib/actions/invites.ts @ http://localhost:3000/_next/static/chunks/node_modules_next_dist_0u_w_5s._.js:1945
[  286731ms] [ERROR] ./lib/supabase/server.ts:6:23
the name `createClient` is defined multiple times
  4 | import type { Database } from '@/types/supabase'
  5 |
> 6 | export async function createClient() {
    |                       ^^^^^^^^^^^^
  7 |   const cookieStore = await cookies()
  8 |
  9 |   return createServerClient<Database>(

Ecmascript file had an error

Import traces:
  #1 [Server Component]:
    ./lib/supabase/server.ts
    ./app/dashboard/page.tsx

  #2 [Server Component]:
    ./lib/supabase/server.ts
    ./lib/actions/lists.ts @ http://localhost:3000/_next/static/chunks/node_modules_next_dist_0u_w_5s._.js:1945
[  286731ms] [ERROR] ./lib/supabase/server.ts:6:23
the name `createClient` is defined multiple times
  4 | import type { Database } from '@/types/supabase'
  5 |
> 6 | export async function createClient() {
    |                       ^^^^^^^^^^^^
  7 |   const cookieStore = await cookies()
  8 |
  9 |   return createServerClient<Database>(

Ecmascript file had an error

Import trace:
  Server Component:
    ./lib/supabase/server.ts
    ./app/list/[id]/invites/page.tsx @ http://localhost:3000/_next/static/chunks/node_modules_next_dist_0u_w_5s._.js:1945
[  286731ms] [ERROR] ./lib/supabase/server.ts:6:23
the name `createClient` is defined multiple times
  4 | import type { Database } from '@/types/supabase'
  5 |
> 6 | export async function createClient() {
    |                       ^^^^^^^^^^^^
  7 |   const cookieStore = await cookies()
  8 |
  9 |   return createServerClient<Database>(

Ecmascript file had an error

Import trace:
  Server Component:
    ./lib/supabase/server.ts
    ./lib/actions/auth.ts @ http://localhost:3000/_next/static/chunks/node_modules_next_dist_0u_w_5s._.js:1945
[  286759ms] [ERROR] ./lib/supabase/server.ts:6:23
the name `createClient` is defined multiple times
  4 | import type { Database } from '@/types/supabase'
  5 |
> 6 | export async function createClient() {
    |                       ^^^^^^^^^^^^
  7 |   const cookieStore = await cookies()
  8 |
  9 |   return createServerClient<Database>(

Ecmascript file had an error

Import trace:
  Server Component:
    ./lib/supabase/server.ts
    ./lib/actions/auth.ts @ http://localhost:3000/_next/static/chunks/node_modules_next_dist_0u_w_5s._.js:1945
[  286826ms] [LOG] [Fast Refresh] rebuilding @ http://localhost:3000/_next/static/chunks/node_modules_next_dist_0u_w_5s._.js:1226
[  302212ms] [LOG] [Fast Refresh] rebuilding @ http://localhost:3000/_next/static/chunks/node_modules_next_dist_0u_w_5s._.js:1226
[  302294ms] [LOG] [Fast Refresh] done in 44ms @ http://localhost:3000/_next/static/chunks/node_modules_next_dist_0u_w_5s._.js:1226
[  302663ms] [LOG] [Fast Refresh] rebuilding @ http://localhost:3000/_next/static/chunks/node_modules_next_dist_0u_w_5s._.js:1226
[  302850ms] [LOG] [Fast Refresh] done in 292ms @ http://localhost:3000/_next/static/chunks/node_modules_next_dist_0u_w_5s._.js:1226
[  302955ms] [LOG] [Fast Refresh] rebuilding @ http://localhost:3000/_next/static/chunks/node_modules_next_dist_0u_w_5s._.js:1226
[  303015ms] [LOG] [Fast Refresh] done in 164ms @ http://localhost:3000/_next/static/chunks/node_modules_next_dist_0u_w_5s._.js:1226
[  303187ms] [LOG] [Fast Refresh] rebuilding @ http://localhost:3000/_next/static/chunks/node_modules_next_dist_0u_w_5s._.js:1226
[  303202ms] [LOG] [Fast Refresh] done in 123ms @ http://localhost:3000/_next/static/chunks/node_modules_next_dist_0u_w_5s._.js:1226
[  303616ms] [INFO] %cDownload the React DevTools for a better development experience: https://react.dev/link/react-devtools font-weight:bold @ http://localhost:3000/_next/static/chunks/node_modules_next_dist_115brz8._.js:2431
[  303676ms] [LOG] [HMR] connected @ http://localhost:3000/_next/static/chunks/node_modules_next_dist_115brz8._.js:2431
[  309034ms] [LOG] [Fast Refresh] rebuilding @ http://localhost:3000/_next/static/chunks/node_modules_next_dist_115brz8._.js:2431
[  309173ms] [LOG] [Fast Refresh] done in 224ms @ http://localhost:3000/_next/static/chunks/node_modules_next_dist_115brz8._.js:2431
[  309447ms] [LOG] [Fast Refresh] rebuilding @ http://localhost:3000/_next/static/chunks/node_modules_next_dist_115brz8._.js:2431
[  309538ms] [LOG] [Fast Refresh] done in 191ms @ http://localhost:3000/_next/static/chunks/node_modules_next_dist_115brz8._.js:2431
[  309748ms] [LOG] [Fast Refresh] rebuilding @ http://localhost:3000/_next/static/chunks/node_modules_next_dist_115brz8._.js:2431
[  309853ms] [LOG] [Fast Refresh] done in 217ms @ http://localhost:3000/_next/static/chunks/node_modules_next_dist_115brz8._.js:2431
[  309981ms] [LOG] [Fast Refresh] rebuilding @ http://localhost:3000/_next/static/chunks/node_modules_next_dist_115brz8._.js:2431
[  310133ms] [LOG] [Fast Refresh] done in 257ms @ http://localhost:3000/_next/static/chunks/node_modules_next_dist_115brz8._.js:2431
[  310248ms] [LOG] [Fast Refresh] rebuilding @ http://localhost:3000/_next/static/chunks/node_modules_next_dist_115brz8._.js:2431
[  310263ms] [LOG] [Fast Refresh] done in 117ms @ http://localhost:3000/_next/static/chunks/node_modules_next_dist_115brz8._.js:2431
[  311147ms] [LOG] [Fast Refresh] rebuilding @ http://localhost:3000/_next/static/chunks/node_modules_next_dist_115brz8._.js:2431
[  311154ms] [LOG] [Fast Refresh] done in 116ms @ http://localhost:3000/_next/static/chunks/node_modules_next_dist_115brz8._.js:2431
[  311514ms] [LOG] [Fast Refresh] rebuilding @ http://localhost:3000/_next/static/chunks/node_modules_next_dist_115brz8._.js:2431
[  311594ms] [LOG] [Fast Refresh] done in 180ms @ http://localhost:3000/_next/static/chunks/node_modules_next_dist_115brz8._.js:2431
[  326650ms] [INFO] %cDownload the React DevTools for a better development experience: https://react.dev/link/react-devtools font-weight:bold @ http://localhost:3000/_next/static/chunks/node_modules_next_dist_115brz8._.js:2431
[  326659ms] [LOG] [HMR] connected @ http://localhost:3000/_next/static/chunks/node_modules_next_dist_115brz8._.js:2431
[  442927ms] [LOG] [Fast Refresh] rebuilding @ http://localhost:3000/_next/static/chunks/node_modules_next_dist_115brz8._.js:2431
[  443238ms] [LOG] [Fast Refresh] done in 411ms @ http://localhost:3000/_next/static/chunks/node_modules_next_dist_115brz8._.js:2431
[  443703ms] [LOG] [Fast Refresh] rebuilding @ http://localhost:3000/_next/static/chunks/node_modules_next_dist_115brz8._.js:2431
[  444179ms] [LOG] [Fast Refresh] done in 579ms @ http://localhost:3000/_next/static/chunks/node_modules_next_dist_115brz8._.js:2431
[  444351ms] [LOG] [Fast Refresh] rebuilding @ http://localhost:3000/_next/static/chunks/node_modules_next_dist_115brz8._.js:2431
[  444635ms] [LOG] [Fast Refresh] done in 397ms @ http://localhost:3000/_next/static/chunks/node_modules_next_dist_115brz8._.js:2431
[  444920ms] [LOG] [Fast Refresh] rebuilding @ http://localhost:3000/_next/static/chunks/node_modules_next_dist_115brz8._.js:2431
[  444983ms] [LOG] [Fast Refresh] done in 169ms @ http://localhost:3000/_next/static/chunks/node_modules_next_dist_115brz8._.js:2431
[  445336ms] [LOG] [Fast Refresh] rebuilding @ http://localhost:3000/_next/static/chunks/node_modules_next_dist_115brz8._.js:2431
[  445424ms] [LOG] [Fast Refresh] done in 191ms @ http://localhost:3000/_next/static/chunks/node_modules_next_dist_115brz8._.js:2431
[  445769ms] [LOG] [Fast Refresh] rebuilding @ http://localhost:3000/_next/static/chunks/node_modules_next_dist_115brz8._.js:2431
[  445844ms] [LOG] [Fast Refresh] done in 183ms @ http://localhost:3000/_next/static/chunks/node_modules_next_dist_115brz8._.js:2431
[  446169ms] [LOG] [Fast Refresh] rebuilding @ http://localhost:3000/_next/static/chunks/node_modules_next_dist_115brz8._.js:2431
[  446191ms] [LOG] [Fast Refresh] done in 130ms @ http://localhost:3000/_next/static/chunks/node_modules_next_dist_115brz8._.js:2431
[  446486ms] [LOG] [Fast Refresh] rebuilding @ http://localhost:3000/_next/static/chunks/node_modules_next_dist_115brz8._.js:2431
[  446506ms] [LOG] [Fast Refresh] done in 133ms @ http://localhost:3000/_next/static/chunks/node_modules_next_dist_115brz8._.js:2431
[  446869ms] [LOG] [Fast Refresh] rebuilding @ http://localhost:3000/_next/static/chunks/node_modules_next_dist_115brz8._.js:2431
[  446910ms] [LOG] [Fast Refresh] done in 146ms @ http://localhost:3000/_next/static/chunks/node_modules_next_dist_115brz8._.js:2431
[  447052ms] [LOG] [Fast Refresh] rebuilding @ http://localhost:3000/_next/static/chunks/node_modules_next_dist_115brz8._.js:2431
[  447131ms] [LOG] [Fast Refresh] done in 180ms @ http://localhost:3000/_next/static/chunks/node_modules_next_dist_115brz8._.js:2431
[  447349ms] [LOG] [Fast Refresh] rebuilding @ http://localhost:3000/_next/static/chunks/node_modules_next_dist_115brz8._.js:2431
[  447363ms] [LOG] [Fast Refresh] done in 127ms @ http://localhost:3000/_next/static/chunks/node_modules_next_dist_115brz8._.js:2431
[  447736ms] [LOG] [Fast Refresh] rebuilding @ http://localhost:3000/_next/static/chunks/node_modules_next_dist_115brz8._.js:2431
[  447752ms] [LOG] [Fast Refresh] done in 125ms @ http://localhost:3000/_next/static/chunks/node_modules_next_dist_115brz8._.js:2431
[  448301ms] [LOG] [Fast Refresh] rebuilding @ http://localhost:3000/_next/static/chunks/node_modules_next_dist_115brz8._.js:2431
[  448328ms] [LOG] [Fast Refresh] done in 137ms @ http://localhost:3000/_next/static/chunks/node_modules_next_dist_115brz8._.js:2431
[  448684ms] [LOG] [Fast Refresh] rebuilding @ http://localhost:3000/_next/static/chunks/node_modules_next_dist_115brz8._.js:2431
[  448703ms] [LOG] [Fast Refresh] done in 127ms @ http://localhost:3000/_next/static/chunks/node_modules_next_dist_115brz8._.js:2431
[  449001ms] [LOG] [Fast Refresh] rebuilding @ http://localhost:3000/_next/static/chunks/node_modules_next_dist_115brz8._.js:2431
[  449016ms] [LOG] [Fast Refresh] done in 124ms @ http://localhost:3000/_next/static/chunks/node_modules_next_dist_115brz8._.js:2431
[  449611ms] [LOG] [Fast Refresh] rebuilding @ http://localhost:3000/_next/static/chunks/node_modules_next_dist_115brz8._.js:2431
[  449611ms] [LOG] [Fast Refresh] done in 103ms @ http://localhost:3000/_next/static/chunks/node_modules_next_dist_115brz8._.js:2431
[  449850ms] [LOG] [Fast Refresh] rebuilding @ http://localhost:3000/_next/static/chunks/node_modules_next_dist_115brz8._.js:2431
[  449909ms] [LOG] [Fast Refresh] done in 158ms @ http://localhost:3000/_next/static/chunks/node_modules_next_dist_115brz8._.js:2431
[  450546ms] [LOG] [Fast Refresh] rebuilding @ http://localhost:3000/_next/static/chunks/node_modules_next_dist_115brz8._.js:2431
[  450569ms] [LOG] [Fast Refresh] done in 127ms @ http://localhost:3000/_next/static/chunks/node_modules_next_dist_115brz8._.js:2431
[  450752ms] [LOG] [Fast Refresh] rebuilding @ http://localhost:3000/_next/static/chunks/node_modules_next_dist_115brz8._.js:2431
[  450866ms] [LOG] [Fast Refresh] done in 226ms @ http://localhost:3000/_next/static/chunks/node_modules_next_dist_115brz8._.js:2431
[  451433ms] [LOG] [Fast Refresh] rebuilding @ http://localhost:3000/_next/static/chunks/node_modules_next_dist_115brz8._.js:2431
[  451461ms] [LOG] [Fast Refresh] done in 132ms @ http://localhost:3000/_next/static/chunks/node_modules_next_dist_115brz8._.js:2431
[  452098ms] TypeError: Cannot read properties of null (reading 'owner')
    at <anonymous> (about://React/Server/C:%5CUsers%5Cericp%5Cprojects%5Cwishlist-app%5C.next%5Cdev%5Cserver%5Cchunks%5Cssr%5C%5Broot-of-the-server%5D__0hpz5hm._.js?23:244:59)
    at Array.map (<anonymous>:1:18)
    at DashboardPage (about://React/Server/C:%5CUsers%5Cericp%5Cprojects%5Cwishlist-app%5C.next%5Cdev%5Cserver%5Cchunks%5Cssr%5C%5Broot-of-the-server%5D__0hpz5hm._.js?24:243:54)
    at resolveErrorDev (http://localhost:3000/_next/static/chunks/node_modules_next_dist_compiled_react-server-dom-turbopack_0p3wegg._.js:1919:150)
    at processFullStringRow (http://localhost:3000/_next/static/chunks/node_modules_next_dist_compiled_react-server-dom-turbopack_0p3wegg._.js:2434:29)
    at processFullBinaryRow (http://localhost:3000/_next/static/chunks/node_modules_next_dist_compiled_react-server-dom-turbopack_0p3wegg._.js:2393:9)
    at processBinaryChunk (http://localhost:3000/_next/static/chunks/node_modules_next_dist_compiled_react-server-dom-turbopack_0p3wegg._.js:2502:221)
    at progress (http://localhost:3000/_next/static/chunks/node_modules_next_dist_compiled_react-server-dom-turbopack_0p3wegg._.js:2689:13)
[ 1436942ms] [LOG] [HMR] connected @ http://localhost:3000/_next/static/chunks/node_modules_next_dist_115brz8._.js:2431
[ 2893426ms] [LOG] [HMR] connected @ http://localhost:3000/_next/static/chunks/node_modules_next_dist_115brz8._.js:2431
[ 8790679ms] [LOG] [HMR] connected @ http://localhost:3000/_next/static/chunks/node_modules_next_dist_115brz8._.js:2431
