[    3337ms] [INFO] %cDownload the React DevTools for a better development experience: https://react.dev/link/react-devtools font-weight:bold @ http://localhost:3000/_next/static/chunks/node_modules_next_dist_115brz8._.js:2431
[    3394ms] [LOG] [HMR] connected @ http://localhost:3000/_next/static/chunks/node_modules_next_dist_115brz8._.js:2431
[    3705ms] Error: Hydration failed because the server rendered text didn't match the client. As a result this tree will be regenerated on the client. This can happen if a SSR-ed Client Component used:

- A server/client branch `if (typeof window !== 'undefined')`.
- Variable input such as `Date.now()` or `Math.random()` which changes each time it's called.
- Date formatting in a user's locale which doesn't match the server.
- External changing data without sending a snapshot of it along with the HTML.
- Invalid HTML tag nesting.

It can also happen if the client has a browser extension installed which messes with the HTML before React loaded.

https://react.dev/link/hydration-mismatch

  ...
    <HTTPAccessFallbackBoundary notFound={undefined} forbidden={undefined} unauthorized={undefined}>
      <RedirectBoundary>
        <RedirectErrorBoundary router={{...}}>
          <InnerLayoutRouter url="/admin" tree={[...]} params={{}} cacheNode={{rsc:{...}, ...}} segmentPath={[...]} ...>
            <SegmentViewNode type="page" pagePath="admin/page...">
              <SegmentTrieNode>
              <AdminPage>
                <main className="min-h-scre...">
                  <div className="max-w-4xl ...">
                    <h1>
                    <AdminUsers users={[...]}>
                      <div className="space-y-4">
                        <h2>
                        <div className="border bor...">
                          <table className="w-full tex...">
                            <thead>
                            <tbody className="divide-y d...">
                              <tr className="bg-card">
                                <td>
                                <td>
                                <td>
                                <td className="px-4 py-3 text-muted-foreground">
+                                 4/29/2026
-                                 2026-04-29
                                ...
                              ...
                    ...
            ...
          ...

    at throwOnHydrationMismatch (http://localhost:3000/_next/static/chunks/node_modules_next_dist_compiled_react-dom_058-ah~._.js:3318:56)
    at prepareToHydrateHostInstance (http://localhost:3000/_next/static/chunks/node_modules_next_dist_compiled_react-dom_058-ah~._.js:3372:23)
    at completeWork (http://localhost:3000/_next/static/chunks/node_modules_next_dist_compiled_react-dom_058-ah~._.js:6922:60)
    at runWithFiberInDEV (http://localhost:3000/_next/static/chunks/node_modules_next_dist_compiled_react-dom_058-ah~._.js:965:74)
    at completeUnitOfWork (http://localhost:3000/_next/static/chunks/node_modules_next_dist_compiled_react-dom_058-ah~._.js:9622:23)
    at performUnitOfWork (http://localhost:3000/_next/static/chunks/node_modules_next_dist_compiled_react-dom_058-ah~._.js:9557:28)
    at workLoopConcurrentByScheduler (http://localhost:3000/_next/static/chunks/node_modules_next_dist_compiled_react-dom_058-ah~._.js:9551:58)
    at renderRootConcurrent (http://localhost:3000/_next/static/chunks/node_modules_next_dist_compiled_react-dom_058-ah~._.js:9534:71)
    at performWorkOnRoot (http://localhost:3000/_next/static/chunks/node_modules_next_dist_compiled_react-dom_058-ah~._.js:9061:150)
    at performWorkOnRootViaSchedulerTask (http://localhost:3000/_next/static/chunks/node_modules_next_dist_compiled_react-dom_058-ah~._.js:10255:9)
    at MessagePort.performWorkUntilDeadline (http://localhost:3000/_next/static/chunks/node_modules_next_dist_compiled_0rpq4pf._.js:2647:64)
[   21448ms] [ERROR] Failed to load resource: the server responded with a status of 500 (Internal Server Error) @ http://localhost:3000/admin?_rsc=1nq8r:0
[   21858ms] [ERROR] Failed to load resource: the server responded with a status of 500 (Internal Server Error) @ http://localhost:3000/admin:0
[   22236ms] [INFO] %cDownload the React DevTools for a better development experience: https://react.dev/link/react-devtools font-weight:bold @ http://localhost:3000/_next/static/chunks/node_modules_react-dom_0bruynb._.js:15305
[   22417ms] Error: Could not parse module '[project]/middleware.ts', file not found
    at module evaluation (file://C:\Users\ericp\projects\wishlist-app\.next\dev\server\edge\chunks\[root-of-the-server]__11ru_ap._.js:16:11)
    at <unknown> (file://C:\Users\ericp\projects\wishlist-app\.next\dev\server\edge\chunks\turbopack-node_modules_next_dist_esm_build_templates_edge-wrapper_0av2lxt.js:1307:27)
    at runModuleExecutionHooks (file://C:\Users\ericp\projects\wishlist-app\.next\dev\server\edge\chunks\turbopack-node_modules_next_dist_esm_build_templates_edge-wrapper_0av2lxt.js:1649:9)
    at instantiateModuleShared (file://C:\Users\ericp\projects\wishlist-app\.next\dev\server\edge\chunks\turbopack-node_modules_next_dist_esm_build_templates_edge-wrapper_0av2lxt.js:1305:9)
    at instantiateModule (file://C:\Users\ericp\projects\wishlist-app\.next\dev\server\edge\chunks\turbopack-node_modules_next_dist_esm_build_templates_edge-wrapper_0av2lxt.js:1621:12)
    at getOrInstantiateModuleFromParent (file://C:\Users\ericp\projects\wishlist-app\.next\dev\server\edge\chunks\turbopack-node_modules_next_dist_esm_build_templates_edge-wrapper_0av2lxt.js:1604:12)
    at DevContext.esmImport [as i] (file://C:\Users\ericp\projects\wishlist-app\.next\dev\server\edge\chunks\turbopack-node_modules_next_dist_esm_build_templates_edge-wrapper_0av2lxt.js:278:20)
    at module evaluation (file://C:\Users\ericp\projects\wishlist-app\.next\dev\server\edge\chunks\node_modules_next_dist_0ce1z8~._.js:18943:144)
    at <unknown> (file://C:\Users\ericp\projects\wishlist-app\.next\dev\server\edge\chunks\turbopack-node_modules_next_dist_esm_build_templates_edge-wrapper_0av2lxt.js:1307:27)
    at runModuleExecutionHooks (file://C:\Users\ericp\projects\wishlist-app\.next\dev\server\edge\chunks\turbopack-node_modules_next_dist_esm_build_templates_edge-wrapper_0av2lxt.js:1649:9)
[   22420ms] [LOG] [HMR] connected @ http://localhost:3000/_next/static/chunks/node_modules_next_dist_0u_w_5s._.js:1226
[   26341ms] [ERROR] Failed to load resource: the server responded with a status of 500 (Internal Server Error) @ http://localhost:3000/admin:0
[   26801ms] [INFO] %cDownload the React DevTools for a better development experience: https://react.dev/link/react-devtools font-weight:bold @ http://localhost:3000/_next/static/chunks/node_modules_react-dom_0bruynb._.js:15305
[   26842ms] Error: Could not parse module '[project]/middleware.ts', file not found
    at module evaluation (file://C:\Users\ericp\projects\wishlist-app\.next\dev\server\edge\chunks\[root-of-the-server]__11ru_ap._.js:16:11)
    at <unknown> (file://C:\Users\ericp\projects\wishlist-app\.next\dev\server\edge\chunks\turbopack-node_modules_next_dist_esm_build_templates_edge-wrapper_0av2lxt.js:1307:27)
    at runModuleExecutionHooks (file://C:\Users\ericp\projects\wishlist-app\.next\dev\server\edge\chunks\turbopack-node_modules_next_dist_esm_build_templates_edge-wrapper_0av2lxt.js:1649:9)
    at instantiateModuleShared (file://C:\Users\ericp\projects\wishlist-app\.next\dev\server\edge\chunks\turbopack-node_modules_next_dist_esm_build_templates_edge-wrapper_0av2lxt.js:1305:9)
    at instantiateModule (file://C:\Users\ericp\projects\wishlist-app\.next\dev\server\edge\chunks\turbopack-node_modules_next_dist_esm_build_templates_edge-wrapper_0av2lxt.js:1621:12)
    at getOrInstantiateModuleFromParent (file://C:\Users\ericp\projects\wishlist-app\.next\dev\server\edge\chunks\turbopack-node_modules_next_dist_esm_build_templates_edge-wrapper_0av2lxt.js:1604:12)
    at DevContext.esmImport [as i] (file://C:\Users\ericp\projects\wishlist-app\.next\dev\server\edge\chunks\turbopack-node_modules_next_dist_esm_build_templates_edge-wrapper_0av2lxt.js:278:20)
    at module evaluation (file://C:\Users\ericp\projects\wishlist-app\.next\dev\server\edge\chunks\node_modules_next_dist_0ce1z8~._.js:18943:144)
    at <unknown> (file://C:\Users\ericp\projects\wishlist-app\.next\dev\server\edge\chunks\turbopack-node_modules_next_dist_esm_build_templates_edge-wrapper_0av2lxt.js:1307:27)
    at runModuleExecutionHooks (file://C:\Users\ericp\projects\wishlist-app\.next\dev\server\edge\chunks\turbopack-node_modules_next_dist_esm_build_templates_edge-wrapper_0av2lxt.js:1649:9)
[   26841ms] [LOG] [HMR] connected @ http://localhost:3000/_next/static/chunks/node_modules_next_dist_0u_w_5s._.js:1226
